// Jest Snapshot v1, https://goo.gl/fbAQLP

exports[`GuessArtistScreen correctly renders 1`] = `
<section
  className="game__screen"
>
  <h2
    className="game__title"
  >
    Кто исполняет эту песню?
  </h2>
  <div
    className="game__track"
  >
    <div
      className="track"
    />
  </div>
  <form
    className="game__artist"
  >
    <div
      className="artist"
    >
      <input
        className="artist__input visually-hidden"
        id="answer-1"
        name="answer"
        onChange={[Function]}
        type="radio"
        value="Till Lindemann"
      />
      <label
        className="artist__name"
        htmlFor="answer-1"
      >
        <img
          alt="Till Lindemann"
          className="artist__picture"
          src="https://upload.wikimedia.org/wikipedia/commons/thumb/7/7b/Till_Lindemann_-_2017287140953_2017-10-14_Buchmesse.jpg/800px-Till_Lindemann_-_2017287140953_2017-10-14_Buchmesse.jpg"
        />
        Till Lindemann
      </label>
    </div>
    <div
      className="artist"
    >
      <input
        className="artist__input visually-hidden"
        id="answer-2"
        name="answer"
        onChange={[Function]}
        type="radio"
        value="James Hetfield"
      />
      <label
        className="artist__name"
        htmlFor="answer-2"
      >
        <img
          alt="James Hetfield"
          className="artist__picture"
          src="https://upload.wikimedia.org/wikipedia/commons/f/fd/JamesHetfield2012.jpg"
        />
        James Hetfield
      </label>
    </div>
    <div
      className="artist"
    >
      <input
        className="artist__input visually-hidden"
        id="answer-3"
        name="answer"
        onChange={[Function]}
        type="radio"
        value="Ozzy Osbourne"
      />
      <label
        className="artist__name"
        htmlFor="answer-3"
      >
        <img
          alt="Ozzy Osbourne"
          className="artist__picture"
          src="https://upload.wikimedia.org/wikipedia/commons/7/7b/Ozzy_on_tour_in_Japan.jpg"
        />
        Ozzy Osbourne
      </label>
    </div>
  </form>
</section>
`;
